{"sessionId": "d84fb3", "hypothesisId": "H3", "location": "local.py:me:ok", "message": "session user", "data": {"auth_enabled": true, "has_dev_mode": false, "email_domain": "avstecnologia.cloud"}, "timestamp": 1782128150692}
{"sessionId": "d84fb3", "hypothesisId": "H3", "location": "local.py:me:ok", "message": "session user", "data": {"auth_enabled": true, "has_dev_mode": false, "email_domain": "avstecnologia.cloud"}, "timestamp": 1782128150710}
{"sessionId": "d84fb3", "hypothesisId": "H3", "location": "local.py:me:ok", "message": "session user", "data": {"auth_enabled": true, "has_dev_mode": false, "email_domain": "avstecnologia.cloud"}, "timestamp": 1782128336124}
{"sessionId": "d84fb3", "hypothesisId": "H3", "location": "local.py:me:ok", "message": "session user", "data": {"auth_enabled": true, "has_dev_mode": false, "email_domain": "avstecnologia.cloud"}, "timestamp": 1782128336140}
{"sessionId": "d84fb3", "hypothesisId": "H1", "location": "local.py:login:entry", "message": "login attempt", "data": {"auth_enabled": true, "auth_provider": "local", "email_domain": "avstecnologia.cloud"}, "timestamp": 1782128735022}
{"sessionId": "d84fb3", "hypothesisId": "H2", "location": "local.py:login:verify", "message": "credential check", "data": {"user_found": true, "user_active": true, "password_ok": true}, "timestamp": 1782128735116}
{"sessionId": "d84fb3", "hypothesisId": "H3", "location": "local.py:me:ok", "message": "session user", "data": {"auth_enabled": true, "has_dev_mode": false, "email_domain": "avstecnologia.cloud"}, "timestamp": 1782128735137}
{"sessionId": "d84fb3", "hypothesisId": "H3", "location": "local.py:me:ok", "message": "session user", "data": {"auth_enabled": true, "has_dev_mode": false, "email_domain": "avstecnologia.cloud"}, "timestamp": 1782128735194}
{"sessionId": "d84fb3", "hypothesisId": "A", "location": "main.py:stats", "message": "stats_request_start", "data": {}, "timestamp": 1782128735202}
{"sessionId": "d84fb3", "hypothesisId": "A", "location": "stats.py:compute_stats", "message": "cache_miss_compute_start", "data": {}, "timestamp": 1782128735205}
{"sessionId": "d84fb3", "hypothesisId": "B", "location": "stats.py:_paginate_vhsys", "message": "vhsys_page", "data": {"lixeira": "Sim", "offset": 0, "page_len": 42, "total_so_far": 0, "page_num": 0}, "timestamp": 1782128737037}
{"sessionId": "d84fb3", "hypothesisId": "B", "location": "stats.py:_paginate_vhsys", "message": "vhsys_page", "data": {"lixeira": "Nao", "offset": 0, "page_len": 250, "total_so_far": 0, "page_num": 0}, "timestamp": 1782128737136}
{"sessionId": "d84fb3", "hypothesisId": "B", "location": "stats.py:_paginate_vhsys", "message": "vhsys_page", "data": {"lixeira": "Nao", "offset": 250, "page_len": 250, "total_so_far": 250, "page_num": 1}, "timestamp": 1782128738205}
{"sessionId": "d84fb3", "hypothesisId": "B", "location": "stats.py:_paginate_vhsys", "message": "vhsys_page", "data": {"lixeira": "Nao", "offset": 500, "page_len": 250, "total_so_far": 500, "page_num": 2}, "timestamp": 1782128739533}
{"sessionId": "d84fb3", "hypothesisId": "H1", "location": "local.py:login:entry", "message": "login attempt", "data": {"auth_enabled": true, "auth_provider": "local", "email_domain": "avstecnologia.cloud"}, "timestamp": 1782128740172}
{"sessionId": "d84fb3", "hypothesisId": "H2", "location": "local.py:login:verify", "message": "credential check", "data": {"user_found": true, "user_active": true, "password_ok": true}, "timestamp": 1782128740311}
{"sessionId": "d84fb3", "hypothesisId": "H3", "location": "local.py:me:ok", "message": "session user", "data": {"auth_enabled": true, "has_dev_mode": false, "email_domain": "avstecnologia.cloud"}, "timestamp": 1782128740338}
{"sessionId": "d84fb3", "hypothesisId": "H3", "location": "local.py:me:ok", "message": "session user", "data": {"auth_enabled": true, "has_dev_mode": false, "email_domain": "avstecnologia.cloud"}, "timestamp": 1782128740454}
{"sessionId": "d84fb3", "hypothesisId": "A", "location": "main.py:stats", "message": "stats_request_start", "data": {}, "timestamp": 1782128740456}
{"sessionId": "d84fb3", "hypothesisId": "A", "location": "stats.py:compute_stats", "message": "cache_miss_compute_start", "data": {}, "timestamp": 1782128740461}
{"sessionId": "d84fb3", "hypothesisId": "B", "location": "stats.py:_paginate_vhsys", "message": "vhsys_page", "data": {"lixeira": "Nao", "offset": 750, "page_len": 250, "total_so_far": 750, "page_num": 3}, "timestamp": 1782128743333}
{"sessionId": "d84fb3", "hypothesisId": "H3", "location": "local.py:me:ok", "message": "session user", "data": {"auth_enabled": true, "has_dev_mode": false, "email_domain": "avstecnologia.cloud"}, "timestamp": 1782128744269}
{"sessionId": "d84fb3", "hypothesisId": "B", "location": "stats.py:_paginate_vhsys", "message": "vhsys_page", "data": {"lixeira": "Nao", "offset": 0, "page_len": 250, "total_so_far": 0, "page_num": 0}, "timestamp": 1782128744283}
{"sessionId": "d84fb3", "hypothesisId": "B", "location": "stats.py:_paginate_vhsys", "message": "vhsys_page", "data": {"lixeira": "Nao", "offset": 1000, "page_len": 250, "total_so_far": 1000, "page_num": 4}, "timestamp": 1782128745025}
{"sessionId": "d84fb3", "hypothesisId": "B", "location": "stats.py:_paginate_vhsys", "message": "vhsys_page", "data": {"lixeira": "Sim", "offset": 0, "page_len": 42, "total_so_far": 0, "page_num": 0}, "timestamp": 1782128745819}
{"sessionId": "d84fb3", "hypothesisId": "H3", "location": "local.py:me:ok", "message": "session user", "data": {"auth_enabled": true, "has_dev_mode": false, "email_domain": "avstecnologia.cloud"}, "timestamp": 1782128745829}
{"sessionId": "d84fb3", "hypothesisId": "B", "location": "stats.py:_paginate_vhsys", "message": "vhsys_page", "data": {"lixeira": "Nao", "offset": 250, "page_len": 250, "total_so_far": 250, "page_num": 1}, "timestamp": 1782128746120}
{"sessionId": "d84fb3", "hypothesisId": "B", "location": "stats.py:_paginate_vhsys", "message": "vhsys_page", "data": {"lixeira": "Nao", "offset": 1250, "page_len": 230, "total_so_far": 1250, "page_num": 5}, "timestamp": 1782128746719}
{"sessionId": "d84fb3", "hypothesisId": "A", "location": "stats.py:compute_stats", "message": "compute_done", "data": {"tiflux_total": 219, "vhsys_total": 1418, "registered_30d": 0, "inactivated_30d": 0, "tiflux_dormant": null, "dormant_status": "pending"}, "timestamp": 1782128746722}
{"sessionId": "d84fb3", "hypothesisId": "A", "location": "main.py:stats", "message": "stats_request_done", "data": {"elapsed_ms": 11520, "tiflux_total": 219, "vhsys_total": 1418, "tiflux_dormant": null}, "timestamp": 1782128746723}
{"sessionId": "d84fb3", "hypothesisId": "A", "location": "stats.py:_warm_dormant_cache", "message": "dormant_warm_start", "data": {}, "timestamp": 1782128746724}
{"sessionId": "d84fb3", "hypothesisId": "B", "location": "stats.py:_paginate_vhsys", "message": "vhsys_page", "data": {"lixeira": "Nao", "offset": 500, "page_len": 250, "total_so_far": 500, "page_num": 2}, "timestamp": 1782128748404}
{"sessionId": "d84fb3", "hypothesisId": "B", "location": "stats.py:_paginate_vhsys", "message": "vhsys_page", "data": {"lixeira": "Nao", "offset": 750, "page_len": 250, "total_so_far": 750, "page_num": 3}, "timestamp": 1782128749390}
{"sessionId": "d84fb3", "hypothesisId": "B", "location": "stats.py:_paginate_vhsys", "message": "vhsys_page", "data": {"lixeira": "Nao", "offset": 1000, "page_len": 250, "total_so_far": 1000, "page_num": 4}, "timestamp": 1782128750431}
{"sessionId": "d84fb3", "hypothesisId": "B", "location": "stats.py:_paginate_vhsys", "message": "vhsys_page", "data": {"lixeira": "Nao", "offset": 1250, "page_len": 230, "total_so_far": 1250, "page_num": 5}, "timestamp": 1782128751482}
{"sessionId": "d84fb3", "hypothesisId": "A", "location": "stats.py:compute_stats", "message": "compute_done", "data": {"tiflux_total": 219, "vhsys_total": 1418, "registered_30d": 0, "inactivated_30d": 0, "tiflux_dormant": null, "dormant_status": "pending"}, "timestamp": 1782128751486}
{"sessionId": "d84fb3", "hypothesisId": "A", "location": "main.py:stats", "message": "stats_request_done", "data": {"elapsed_ms": 11030, "tiflux_total": 219, "vhsys_total": 1418, "tiflux_dormant": null}, "timestamp": 1782128751487}
{"sessionId": "d84fb3", "hypothesisId": "A", "location": "main.py:stats", "message": "stats_request_start", "data": {}, "timestamp": 1782128762604}
{"sessionId": "d84fb3", "hypothesisId": "A", "location": "stats.py:compute_stats", "message": "cache_hit", "data": {"age_s": 22}, "timestamp": 1782128762609}
{"sessionId": "d84fb3", "hypothesisId": "A", "location": "main.py:stats", "message": "stats_request_done", "data": {"elapsed_ms": 6, "tiflux_total": 219, "vhsys_total": 1418, "tiflux_dormant": null}, "timestamp": 1782128762610}
{"sessionId": "d84fb3", "hypothesisId": "A", "location": "main.py:stats", "message": "stats_request_start", "data": {}, "timestamp": 1782128777664}
{"sessionId": "d84fb3", "hypothesisId": "A", "location": "stats.py:compute_stats", "message": "cache_hit", "data": {"age_s": 37}, "timestamp": 1782128777668}
{"sessionId": "d84fb3", "hypothesisId": "A", "location": "main.py:stats", "message": "stats_request_done", "data": {"elapsed_ms": 5, "tiflux_total": 219, "vhsys_total": 1418, "tiflux_dormant": null}, "timestamp": 1782128777669}
{"sessionId": "d84fb3", "hypothesisId": "A", "location": "main.py:stats", "message": "stats_request_start", "data": {}, "timestamp": 1782128792709}
{"sessionId": "d84fb3", "hypothesisId": "A", "location": "stats.py:compute_stats", "message": "cache_hit", "data": {"age_s": 52}, "timestamp": 1782128792714}
{"sessionId": "d84fb3", "hypothesisId": "A", "location": "main.py:stats", "message": "stats_request_done", "data": {"elapsed_ms": 6, "tiflux_total": 219, "vhsys_total": 1418, "tiflux_dormant": null}, "timestamp": 1782128792715}
{"sessionId": "d84fb3", "hypothesisId": "A", "location": "main.py:stats", "message": "stats_request_start", "data": {}, "timestamp": 1782128807750}
{"sessionId": "d84fb3", "hypothesisId": "A", "location": "stats.py:compute_stats", "message": "cache_hit", "data": {"age_s": 67}, "timestamp": 1782128807754}
{"sessionId": "d84fb3", "hypothesisId": "A", "location": "main.py:stats", "message": "stats_request_done", "data": {"elapsed_ms": 4, "tiflux_total": 219, "vhsys_total": 1418, "tiflux_dormant": null}, "timestamp": 1782128807755}
{"sessionId": "d84fb3", "hypothesisId": "A", "location": "main.py:stats", "message": "stats_request_start", "data": {}, "timestamp": 1782128822798}
{"sessionId": "d84fb3", "hypothesisId": "A", "location": "stats.py:compute_stats", "message": "cache_hit", "data": {"age_s": 82}, "timestamp": 1782128822805}
{"sessionId": "d84fb3", "hypothesisId": "A", "location": "main.py:stats", "message": "stats_request_done", "data": {"elapsed_ms": 8, "tiflux_total": 219, "vhsys_total": 1418, "tiflux_dormant": null}, "timestamp": 1782128822806}
{"sessionId": "d84fb3", "hypothesisId": "A", "location": "main.py:stats", "message": "stats_request_start", "data": {}, "timestamp": 1782128837858}
{"sessionId": "d84fb3", "hypothesisId": "A", "location": "stats.py:compute_stats", "message": "cache_hit", "data": {"age_s": 97}, "timestamp": 1782128837861}
{"sessionId": "d84fb3", "hypothesisId": "A", "location": "main.py:stats", "message": "stats_request_done", "data": {"elapsed_ms": 3, "tiflux_total": 219, "vhsys_total": 1418, "tiflux_dormant": null}, "timestamp": 1782128837861}
{"sessionId": "d84fb3", "hypothesisId": "A", "location": "main.py:stats", "message": "stats_request_start", "data": {}, "timestamp": 1782128852909}
{"sessionId": "d84fb3", "hypothesisId": "A", "location": "stats.py:compute_stats", "message": "cache_hit", "data": {"age_s": 112}, "timestamp": 1782128852914}
{"sessionId": "d84fb3", "hypothesisId": "A", "location": "main.py:stats", "message": "stats_request_done", "data": {"elapsed_ms": 6, "tiflux_total": 219, "vhsys_total": 1418, "tiflux_dormant": null}, "timestamp": 1782128852915}
{"sessionId": "d84fb3", "hypothesisId": "A", "location": "main.py:stats", "message": "stats_request_start", "data": {}, "timestamp": 1782128867954}
{"sessionId": "d84fb3", "hypothesisId": "A", "location": "stats.py:compute_stats", "message": "cache_hit", "data": {"age_s": 127}, "timestamp": 1782128867962}
{"sessionId": "d84fb3", "hypothesisId": "A", "location": "main.py:stats", "message": "stats_request_done", "data": {"elapsed_ms": 8, "tiflux_total": 219, "vhsys_total": 1418, "tiflux_dormant": null}, "timestamp": 1782128867963}
{"sessionId": "d84fb3", "hypothesisId": "A", "location": "main.py:stats", "message": "stats_request_start", "data": {}, "timestamp": 1782128882994}
{"sessionId": "d84fb3", "hypothesisId": "A", "location": "stats.py:compute_stats", "message": "cache_hit", "data": {"age_s": 142}, "timestamp": 1782128882997}
{"sessionId": "d84fb3", "hypothesisId": "A", "location": "main.py:stats", "message": "stats_request_done", "data": {"elapsed_ms": 3, "tiflux_total": 219, "vhsys_total": 1418, "tiflux_dormant": null}, "timestamp": 1782128882997}
{"sessionId": "d84fb3", "hypothesisId": "A", "location": "main.py:stats", "message": "stats_request_start", "data": {}, "timestamp": 1782128898045}
{"sessionId": "d84fb3", "hypothesisId": "A", "location": "stats.py:compute_stats", "message": "cache_hit", "data": {"age_s": 157}, "timestamp": 1782128898053}
{"sessionId": "d84fb3", "hypothesisId": "A", "location": "main.py:stats", "message": "stats_request_done", "data": {"elapsed_ms": 10, "tiflux_total": 219, "vhsys_total": 1418, "tiflux_dormant": null}, "timestamp": 1782128898056}
{"sessionId": "d84fb3", "hypothesisId": "A", "location": "main.py:stats", "message": "stats_request_start", "data": {}, "timestamp": 1782128913102}
{"sessionId": "d84fb3", "hypothesisId": "A", "location": "stats.py:compute_stats", "message": "cache_hit", "data": {"age_s": 172}, "timestamp": 1782128913107}
{"sessionId": "d84fb3", "hypothesisId": "A", "location": "main.py:stats", "message": "stats_request_done", "data": {"elapsed_ms": 6, "tiflux_total": 219, "vhsys_total": 1418, "tiflux_dormant": null}, "timestamp": 1782128913108}
{"sessionId": "d84fb3", "hypothesisId": "A", "location": "main.py:stats", "message": "stats_request_start", "data": {}, "timestamp": 1782128928151}
{"sessionId": "d84fb3", "hypothesisId": "A", "location": "stats.py:compute_stats", "message": "cache_hit", "data": {"age_s": 187}, "timestamp": 1782128928154}
{"sessionId": "d84fb3", "hypothesisId": "A", "location": "main.py:stats", "message": "stats_request_done", "data": {"elapsed_ms": 4, "tiflux_total": 219, "vhsys_total": 1418, "tiflux_dormant": null}, "timestamp": 1782128928155}
{"sessionId": "d84fb3", "hypothesisId": "A", "location": "main.py:stats", "message": "stats_request_start", "data": {}, "timestamp": 1782128943207}
{"sessionId": "d84fb3", "hypothesisId": "A", "location": "stats.py:compute_stats", "message": "cache_hit", "data": {"age_s": 202}, "timestamp": 1782128943220}
{"sessionId": "d84fb3", "hypothesisId": "A", "location": "main.py:stats", "message": "stats_request_done", "data": {"elapsed_ms": 15, "tiflux_total": 219, "vhsys_total": 1418, "tiflux_dormant": null}, "timestamp": 1782128943222}
{"sessionId": "d84fb3", "hypothesisId": "A", "location": "main.py:stats", "message": "stats_request_start", "data": {}, "timestamp": 1782128958267}
{"sessionId": "d84fb3", "hypothesisId": "A", "location": "stats.py:compute_stats", "message": "cache_hit", "data": {"age_s": 217}, "timestamp": 1782128958273}
{"sessionId": "d84fb3", "hypothesisId": "A", "location": "main.py:stats", "message": "stats_request_done", "data": {"elapsed_ms": 7, "tiflux_total": 219, "vhsys_total": 1418, "tiflux_dormant": null}, "timestamp": 1782128958274}
{"sessionId": "d84fb3", "hypothesisId": "A", "location": "main.py:stats", "message": "stats_request_start", "data": {}, "timestamp": 1782128973327}
{"sessionId": "d84fb3", "hypothesisId": "A", "location": "stats.py:compute_stats", "message": "cache_hit", "data": {"age_s": 232}, "timestamp": 1782128973334}
{"sessionId": "d84fb3", "hypothesisId": "A", "location": "main.py:stats", "message": "stats_request_done", "data": {"elapsed_ms": 8, "tiflux_total": 219, "vhsys_total": 1418, "tiflux_dormant": null}, "timestamp": 1782128973336}
{"sessionId": "d84fb3", "hypothesisId": "A", "location": "main.py:stats", "message": "stats_request_start", "data": {}, "timestamp": 1782128988386}
{"sessionId": "d84fb3", "hypothesisId": "A", "location": "stats.py:compute_stats", "message": "cache_hit", "data": {"age_s": 247}, "timestamp": 1782128988395}
{"sessionId": "d84fb3", "hypothesisId": "A", "location": "main.py:stats", "message": "stats_request_done", "data": {"elapsed_ms": 9, "tiflux_total": 219, "vhsys_total": 1418, "tiflux_dormant": null}, "timestamp": 1782128988396}
{"sessionId": "d84fb3", "hypothesisId": "A", "location": "main.py:stats", "message": "stats_request_start", "data": {}, "timestamp": 1782129003432}
{"sessionId": "d84fb3", "hypothesisId": "A", "location": "stats.py:compute_stats", "message": "cache_hit", "data": {"age_s": 262}, "timestamp": 1782129003437}
{"sessionId": "d84fb3", "hypothesisId": "A", "location": "main.py:stats", "message": "stats_request_done", "data": {"elapsed_ms": 6, "tiflux_total": 219, "vhsys_total": 1418, "tiflux_dormant": null}, "timestamp": 1782129003438}
{"sessionId": "d84fb3", "hypothesisId": "A", "location": "main.py:stats", "message": "stats_request_start", "data": {}, "timestamp": 1782129018476}
{"sessionId": "d84fb3", "hypothesisId": "A", "location": "stats.py:compute_stats", "message": "cache_hit", "data": {"age_s": 278}, "timestamp": 1782129018481}
{"sessionId": "d84fb3", "hypothesisId": "A", "location": "main.py:stats", "message": "stats_request_done", "data": {"elapsed_ms": 5, "tiflux_total": 219, "vhsys_total": 1418, "tiflux_dormant": null}, "timestamp": 1782129018482}
{"sessionId": "d84fb3", "hypothesisId": "H3", "location": "local.py:me:ok", "message": "session user", "data": {"auth_enabled": true, "has_dev_mode": false, "email_domain": "avstecnologia.cloud"}, "timestamp": 1782129026765}
{"sessionId": "d84fb3", "hypothesisId": "H3", "location": "local.py:me:ok", "message": "session user", "data": {"auth_enabled": true, "has_dev_mode": false, "email_domain": "avstecnologia.cloud"}, "timestamp": 1782129031665}
{"sessionId": "d84fb3", "hypothesisId": "H3", "location": "local.py:me:ok", "message": "session user", "data": {"auth_enabled": true, "has_dev_mode": false, "email_domain": "avstecnologia.cloud"}, "timestamp": 1782129033253}
{"sessionId": "d84fb3", "hypothesisId": "A", "location": "main.py:stats", "message": "stats_request_start", "data": {}, "timestamp": 1782129033546}
{"sessionId": "d84fb3", "hypothesisId": "A", "location": "stats.py:compute_stats", "message": "cache_hit", "data": {"age_s": 293}, "timestamp": 1782129033552}
{"sessionId": "d84fb3", "hypothesisId": "A", "location": "main.py:stats", "message": "stats_request_done", "data": {"elapsed_ms": 7, "tiflux_total": 219, "vhsys_total": 1418, "tiflux_dormant": null}, "timestamp": 1782129033554}
{"sessionId": "d84fb3", "hypothesisId": "A", "location": "main.py:stats", "message": "stats_request_start", "data": {}, "timestamp": 1782129048605}
{"sessionId": "d84fb3", "hypothesisId": "A", "location": "stats.py:compute_stats", "message": "cache_hit", "data": {"age_s": 308}, "timestamp": 1782129048609}
{"sessionId": "d84fb3", "hypothesisId": "A", "location": "main.py:stats", "message": "stats_request_done", "data": {"elapsed_ms": 3, "tiflux_total": 219, "vhsys_total": 1418, "tiflux_dormant": null}, "timestamp": 1782129048609}
{"sessionId": "d84fb3", "hypothesisId": "A", "location": "main.py:stats", "message": "stats_request_start", "data": {}, "timestamp": 1782129063670}
{"sessionId": "d84fb3", "hypothesisId": "A", "location": "stats.py:compute_stats", "message": "cache_hit", "data": {"age_s": 323}, "timestamp": 1782129063679}
{"sessionId": "d84fb3", "hypothesisId": "A", "location": "main.py:stats", "message": "stats_request_done", "data": {"elapsed_ms": 10, "tiflux_total": 219, "vhsys_total": 1418, "tiflux_dormant": null}, "timestamp": 1782129063680}
{"sessionId": "d84fb3", "hypothesisId": "A", "location": "main.py:stats", "message": "stats_request_start", "data": {}, "timestamp": 1782129078731}
{"sessionId": "d84fb3", "hypothesisId": "A", "location": "stats.py:compute_stats", "message": "cache_hit", "data": {"age_s": 338}, "timestamp": 1782129078737}
{"sessionId": "d84fb3", "hypothesisId": "A", "location": "main.py:stats", "message": "stats_request_done", "data": {"elapsed_ms": 6, "tiflux_total": 219, "vhsys_total": 1418, "tiflux_dormant": null}, "timestamp": 1782129078738}
{"sessionId": "d84fb3", "hypothesisId": "A", "location": "stats.py:_warm_dormant_cache", "message": "dormant_warm_done", "data": {"count": 187}, "timestamp": 1782129085621}
{"sessionId": "d84fb3", "hypothesisId": "A", "location": "main.py:stats", "message": "stats_request_start", "data": {}, "timestamp": 1782129093788}
{"sessionId": "d84fb3", "hypothesisId": "A", "location": "stats.py:compute_stats", "message": "cache_miss_compute_start", "data": {}, "timestamp": 1782129093792}
{"sessionId": "d84fb3", "hypothesisId": "B", "location": "stats.py:_paginate_vhsys", "message": "vhsys_page", "data": {"lixeira": "Sim", "offset": 0, "page_len": 42, "total_so_far": 0, "page_num": 0}, "timestamp": 1782129096252}
{"sessionId": "d84fb3", "hypothesisId": "B", "location": "stats.py:_paginate_vhsys", "message": "vhsys_page", "data": {"lixeira": "Nao", "offset": 0, "page_len": 250, "total_so_far": 0, "page_num": 0}, "timestamp": 1782129096373}
{"sessionId": "d84fb3", "hypothesisId": "B", "location": "stats.py:_paginate_vhsys", "message": "vhsys_page", "data": {"lixeira": "Nao", "offset": 250, "page_len": 250, "total_so_far": 250, "page_num": 1}, "timestamp": 1782129097409}
{"sessionId": "d84fb3", "hypothesisId": "B", "location": "stats.py:_paginate_vhsys", "message": "vhsys_page", "data": {"lixeira": "Nao", "offset": 500, "page_len": 250, "total_so_far": 500, "page_num": 2}, "timestamp": 1782129098344}
{"sessionId": "d84fb3", "hypothesisId": "B", "location": "stats.py:_paginate_vhsys", "message": "vhsys_page", "data": {"lixeira": "Nao", "offset": 750, "page_len": 250, "total_so_far": 750, "page_num": 3}, "timestamp": 1782129099186}
{"sessionId": "d84fb3", "hypothesisId": "B", "location": "stats.py:_paginate_vhsys", "message": "vhsys_page", "data": {"lixeira": "Nao", "offset": 1000, "page_len": 250, "total_so_far": 1000, "page_num": 4}, "timestamp": 1782129100099}
{"sessionId": "d84fb3", "hypothesisId": "B", "location": "stats.py:_paginate_vhsys", "message": "vhsys_page", "data": {"lixeira": "Nao", "offset": 1250, "page_len": 230, "total_so_far": 1250, "page_num": 5}, "timestamp": 1782129101442}
{"sessionId": "d84fb3", "hypothesisId": "A", "location": "stats.py:compute_stats", "message": "compute_done", "data": {"tiflux_total": 219, "vhsys_total": 1418, "registered_30d": 0, "inactivated_30d": 0, "tiflux_dormant": 187, "dormant_status": "ready"}, "timestamp": 1782129101446}
{"sessionId": "d84fb3", "hypothesisId": "A", "location": "main.py:stats", "message": "stats_request_done", "data": {"elapsed_ms": 7658, "tiflux_total": 219, "vhsys_total": 1418, "tiflux_dormant": 187}, "timestamp": 1782129101447}
{"sessionId": "d84fb3", "hypothesisId": "H3", "location": "local.py:me:ok", "message": "session user", "data": {"auth_enabled": true, "has_dev_mode": false, "email_domain": "avstecnologia.cloud"}, "timestamp": 1782129111356}
{"sessionId": "d84fb3", "hypothesisId": "H3", "location": "local.py:me:ok", "message": "session user", "data": {"auth_enabled": true, "has_dev_mode": false, "email_domain": "avstecnologia.cloud"}, "timestamp": 1782129112084}
